// Jest Snapshot v1, https://goo.gl/fbAQLP

exports[`should match snapshot of the App component 1`] = `null`;
