// Jest Snapshot v1, https://goo.gl/fbAQLP

exports[`should match snapshot of the Index component 1`] = `
<div
  className="flex w-screen justify-start h-screen items-center"
>
  <div
    className="flex h-screen w-full items-center justify-center bg-gray-900 bg-cover bg-no-repeat bg-image"
  >
    <div
      className="rounded-xl bg-white bg-opacity-50 px-16 py-10 shadow-lg backdrop-blur-md max-sm:px-8"
    >
      <div
        className="text-white"
      >
        <div
          className="mb-8 flex flex-col items-center"
        >
          <img
            alt=""
            src="./favicon.png"
            width="150"
          />
          <h1
            className="mb-2 text-2xl"
          >
            Buy Bikes
          </h1>
          <span
            className="text-white"
          >
            Enter Login Details
          </span>
          <span
            className="text-xl text-red-700 font-bold mt-4"
          />
        </div>
        <form
          onSubmit={[Function]}
        >
          <div
            className="mb-4 text-lg"
          >
            <input
              className="rounded-3xl border-none bg-black bg-opacity-50 px-6 py-2 text-center text-inherit placeholder-slate-200 shadow-lg outline-none backdrop-blur-md"
              name="name"
              onChange={[Function]}
              placeholder="id@email.com"
              required={true}
              type="email"
              value=""
            />
          </div>
          <div
            className="mb-4 text-lg"
          >
            <input
              className="rounded-3xl border-none bg-black bg-opacity-50 px-6 py-2 text-center text-inherit placeholder-slate-200 shadow-lg outline-none backdrop-blur-md"
              name="name"
              onChange={[Function]}
              placeholder="*********"
              required={true}
              type="Password"
              value=""
            />
          </div>
          <div
            className="mt-8 flex justify-center text-lg text-black"
          >
            <button
              className="rounded-3xl bg-black bg-opacity-50 px-10 py-2 text-white shadow-xl backdrop-blur-md transition-colors duration-300 hover:bg-yellow-600"
              type="submit"
            >
              Login
            </button>
          </div>
        </form>
        <p
          className="mt-8 text-xs font-light text-center text-gray-700"
        >
           
          Do not have an account?
          <a
            className="font-medium text-purple-600 hover:underline"
            href="/signup"
          >
            Sign up
          </a>
        </p>
      </div>
    </div>
  </div>
</div>
`;
