// Jest Snapshot v1, https://goo.gl/fbAQLP

exports[`SideBar renders correctly 1`] = `
Object {
  "asFragment": [Function],
  "baseElement": <body>
    <div>
      <div
        class="flex flex-col w-80 h-screen border border-blue-600 rounded  bg-gray-200 text-center justify-center items-center"
      >
        <img
          alt=""
          class="animate-headShake"
          src="https://www.graphicsprings.com/filestorage/stencils/6658e537767711d19f911c852900686c.png?width=500&height=500"
          width="150"
        />
        <div
          class="container flex flex-col justify-center h-full px-3"
        >
          <ul
            class="flex flex-col justify-center space-y-4"
          >
            <li
              class="border border-gray-400 hover:bg-gray-400 rounded-xl hover:border-gray-200 hover:text-black cursor-pointer font-sans"
            >
              <a
                href="/user/dashboard"
              >
                <p
                  class="py-2"
                >
                  All Bikes
                </p>
              </a>
            </li>
            <li
              class="border border-gray-400 hover:bg-gray-400 rounded-xl hover:border-gray-200 hover:text-black cursor-pointer font-sans"
            >
              <a
                href="/user/AddBike"
              >
                <p
                  class="py-2 w-full"
                >
                  Add Bike
                </p>
              </a>
            </li>
            <li
              class="border border-gray-400 hover:bg-gray-400 rounded-xl hover:border-gray-200 hover:text-black cursor-pointer font-sans"
            >
              <a
                href="/user/DeleteBikes"
              >
                <p
                  class="py-2 w-full"
                >
                  Delete Bikes
                </p>
              </a>
            </li>
            <li
              class="border border-gray-400 hover:bg-gray-400 rounded-xl hover:border-gray-200 hover:text-black cursor-pointer font-sans"
            >
              <a
                href="/user/ReserveBike"
              >
                <p
                  class="py-2 w-full"
                >
                  Reserve Bikes
                </p>
              </a>
            </li>
            <li
              class="border border-gray-400 hover:bg-gray-400 rounded-xl hover:border-gray-200 hover:text-black cursor-pointer font-sans"
            >
              <a
                href="/user/MyReservations"
              >
                <p
                  class="py-2 w-full"
                >
                  My Reservations
                </p>
              </a>
            </li>
          </ul>
        </div>
        <div
          class="footer"
        >
          <div
            class="social flex justify-center space-x-2"
          >
            <svg
              fill="currentColor"
              height="1em"
              stroke="currentColor"
              stroke-width="0"
              viewBox="0 0 512 512"
              width="1em"
              xmlns="http://www.w3.org/2000/svg"
            >
              <path
                d="M459.37 151.716c.325 4.548.325 9.097.325 13.645 0 138.72-105.583 298.558-298.558 298.558-59.452 0-114.68-17.219-161.137-47.106 8.447.974 16.568 1.299 25.34 1.299 49.055 0 94.213-16.568 130.274-44.832-46.132-.975-84.792-31.188-98.112-72.772 6.498.974 12.995 1.624 19.818 1.624 9.421 0 18.843-1.3 27.614-3.573-48.081-9.747-84.143-51.98-84.143-102.985v-1.299c13.969 7.797 30.214 12.67 47.431 13.319-28.264-18.843-46.781-51.005-46.781-87.391 0-19.492 5.197-37.36 14.294-52.954 51.655 63.675 129.3 105.258 216.365 109.807-1.624-7.797-2.599-15.918-2.599-24.04 0-57.828 46.782-104.934 104.934-104.934 30.213 0 57.502 12.67 76.67 33.137 23.715-4.548 46.456-13.32 66.599-25.34-7.798 24.366-24.366 44.833-46.132 57.827 21.117-2.273 41.584-8.122 60.426-16.243-14.292 20.791-32.161 39.308-52.628 54.253z"
              />
            </svg>
            <svg
              fill="currentColor"
              height="1em"
              stroke="currentColor"
              stroke-width="0"
              viewBox="0 0 320 512"
              width="1em"
              xmlns="http://www.w3.org/2000/svg"
            >
              <path
                d="M279.14 288l14.22-92.66h-88.91v-60.13c0-25.35 12.42-50.06 52.24-50.06h40.42V6.26S260.43 0 225.36 0c-73.22 0-121.08 44.38-121.08 124.72v70.62H22.89V288h81.39v224h100.17V288z"
              />
            </svg>
            <svg
              fill="currentColor"
              height="1em"
              stroke="currentColor"
              stroke-width="0"
              version="1"
              viewBox="0 0 24 24"
              width="1em"
              xmlns="http://www.w3.org/2000/svg"
            >
              <path
                d="M12.9 13.5l-.7-.5c-.2-.2-.5-.4-.5-.8s.3-.7.6-1c.8-.6 1.7-1.3 1.7-2.8 0-1.5-.9-2.3-1.4-2.7h1.2l1.2-.7h-4.1c-1 0-2.4.2-3.5 1.1-.8.7-1.2 1.7-1.2 2.6 0 1.5 1.2 3.1 3.3 3.1h.6c-.1.2-.2.4-.2.7 0 .6.3 1 .6 1.3-.9.1-2.5.2-3.8.9-1.2.7-1.5 1.7-1.5 2.4 0 1.5 1.4 2.8 4.2 2.8 3.4 0 5.2-1.9 5.2-3.7 0-1.3-.8-1.9-1.7-2.7zm-2.5-2.2c-1.7 0-2.5-2.2-2.5-3.5 0-.5.1-1 .4-1.5.3-.4.9-.7 1.4-.7 1.6 0 2.5 2.2 2.5 3.6 0 .4 0 1-.5 1.4-.3.4-.9.7-1.3.7zm0 7.9c-2.1 0-3.5-1-3.5-2.4s1.3-1.9 1.7-2c.8-.3 1.9-.3 2.1-.3h.5c1.5 1.1 2.1 1.6 2.1 2.6 0 1.2-1 2.1-2.9 2.1zM17 12h-2v-1h2v-1.9l1-.1v2h2v1h-2v2h-1z"
              />
            </svg>
            <svg
              fill="currentColor"
              height="1em"
              stroke="currentColor"
              stroke-width="0"
              viewBox="0 0 384 512"
              width="1em"
              xmlns="http://www.w3.org/2000/svg"
            >
              <path
                d="M384 254.7v52.1c-18.4 4.2-36.9 6.1-52.1 6.1-36.9 77.4-103 143.8-125.1 156.2-14 7.9-27.1 8.4-42.7-.8C137 452 34.2 367.7 0 102.7h74.5C93.2 261.8 139 343.4 189.3 404.5c27.9-27.9 54.8-65.1 75.6-106.9-49.8-25.3-80.1-80.9-80.1-145.6 0-65.6 37.7-115.1 102.2-115.1 114.9 0 106.2 127.9 81.6 181.5 0 0-46.4 9.2-63.5-20.5 3.4-11.3 8.2-30.8 8.2-48.5 0-31.3-11.3-46.6-28.4-46.6-18.2 0-30.8 17.1-30.8 50 .1 79.2 59.4 118.7 129.9 101.9z"
              />
            </svg>
            <svg
              fill="currentColor"
              height="1em"
              stroke="currentColor"
              stroke-width="0"
              viewBox="0 0 384 512"
              width="1em"
              xmlns="http://www.w3.org/2000/svg"
            >
              <path
                d="M204 6.5C101.4 6.5 0 74.9 0 185.6 0 256 39.6 296 63.6 296c9.9 0 15.6-27.6 15.6-35.4 0-9.3-23.7-29.1-23.7-67.8 0-80.4 61.2-137.4 140.4-137.4 68.1 0 118.5 38.7 118.5 109.8 0 53.1-21.3 152.7-90.3 152.7-24.9 0-46.2-18-46.2-43.8 0-37.8 26.4-74.4 26.4-113.4 0-66.2-93.9-54.2-93.9 25.8 0 16.8 2.1 35.4 9.6 50.7-13.8 59.4-42 147.9-42 209.1 0 18.9 2.7 37.5 4.5 56.4 3.4 3.8 1.7 3.4 6.9 1.5 50.4-69 48.6-82.5 71.4-172.8 12.3 23.4 44.1 36 69.3 36 106.2 0 153.9-103.5 153.9-196.8C384 71.3 298.2 6.5 204 6.5z"
              />
            </svg>
          </div>
          <small>
            Â©
            2023
             
            BOOK AN APPOINTMENT
          </small>
        </div>
      </div>
    </div>
  </body>,
  "container": <div>
    <div
      class="flex flex-col w-80 h-screen border border-blue-600 rounded  bg-gray-200 text-center justify-center items-center"
    >
      <img
        alt=""
        class="animate-headShake"
        src="https://www.graphicsprings.com/filestorage/stencils/6658e537767711d19f911c852900686c.png?width=500&height=500"
        width="150"
      />
      <div
        class="container flex flex-col justify-center h-full px-3"
      >
        <ul
          class="flex flex-col justify-center space-y-4"
        >
          <li
            class="border border-gray-400 hover:bg-gray-400 rounded-xl hover:border-gray-200 hover:text-black cursor-pointer font-sans"
          >
            <a
              href="/user/dashboard"
            >
              <p
                class="py-2"
              >
                All Bikes
              </p>
            </a>
          </li>
          <li
            class="border border-gray-400 hover:bg-gray-400 rounded-xl hover:border-gray-200 hover:text-black cursor-pointer font-sans"
          >
            <a
              href="/user/AddBike"
            >
              <p
                class="py-2 w-full"
              >
                Add Bike
              </p>
            </a>
          </li>
          <li
            class="border border-gray-400 hover:bg-gray-400 rounded-xl hover:border-gray-200 hover:text-black cursor-pointer font-sans"
          >
            <a
              href="/user/DeleteBikes"
            >
              <p
                class="py-2 w-full"
              >
                Delete Bikes
              </p>
            </a>
          </li>
          <li
            class="border border-gray-400 hover:bg-gray-400 rounded-xl hover:border-gray-200 hover:text-black cursor-pointer font-sans"
          >
            <a
              href="/user/ReserveBike"
            >
              <p
                class="py-2 w-full"
              >
                Reserve Bikes
              </p>
            </a>
          </li>
          <li
            class="border border-gray-400 hover:bg-gray-400 rounded-xl hover:border-gray-200 hover:text-black cursor-pointer font-sans"
          >
            <a
              href="/user/MyReservations"
            >
              <p
                class="py-2 w-full"
              >
                My Reservations
              </p>
            </a>
          </li>
        </ul>
      </div>
      <div
        class="footer"
      >
        <div
          class="social flex justify-center space-x-2"
        >
          <svg
            fill="currentColor"
            height="1em"
            stroke="currentColor"
            stroke-width="0"
            viewBox="0 0 512 512"
            width="1em"
            xmlns="http://www.w3.org/2000/svg"
          >
            <path
              d="M459.37 151.716c.325 4.548.325 9.097.325 13.645 0 138.72-105.583 298.558-298.558 298.558-59.452 0-114.68-17.219-161.137-47.106 8.447.974 16.568 1.299 25.34 1.299 49.055 0 94.213-16.568 130.274-44.832-46.132-.975-84.792-31.188-98.112-72.772 6.498.974 12.995 1.624 19.818 1.624 9.421 0 18.843-1.3 27.614-3.573-48.081-9.747-84.143-51.98-84.143-102.985v-1.299c13.969 7.797 30.214 12.67 47.431 13.319-28.264-18.843-46.781-51.005-46.781-87.391 0-19.492 5.197-37.36 14.294-52.954 51.655 63.675 129.3 105.258 216.365 109.807-1.624-7.797-2.599-15.918-2.599-24.04 0-57.828 46.782-104.934 104.934-104.934 30.213 0 57.502 12.67 76.67 33.137 23.715-4.548 46.456-13.32 66.599-25.34-7.798 24.366-24.366 44.833-46.132 57.827 21.117-2.273 41.584-8.122 60.426-16.243-14.292 20.791-32.161 39.308-52.628 54.253z"
            />
          </svg>
          <svg
            fill="currentColor"
            height="1em"
            stroke="currentColor"
            stroke-width="0"
            viewBox="0 0 320 512"
            width="1em"
            xmlns="http://www.w3.org/2000/svg"
          >
            <path
              d="M279.14 288l14.22-92.66h-88.91v-60.13c0-25.35 12.42-50.06 52.24-50.06h40.42V6.26S260.43 0 225.36 0c-73.22 0-121.08 44.38-121.08 124.72v70.62H22.89V288h81.39v224h100.17V288z"
            />
          </svg>
          <svg
            fill="currentColor"
            height="1em"
            stroke="currentColor"
            stroke-width="0"
            version="1"
            viewBox="0 0 24 24"
            width="1em"
            xmlns="http://www.w3.org/2000/svg"
          >
            <path
              d="M12.9 13.5l-.7-.5c-.2-.2-.5-.4-.5-.8s.3-.7.6-1c.8-.6 1.7-1.3 1.7-2.8 0-1.5-.9-2.3-1.4-2.7h1.2l1.2-.7h-4.1c-1 0-2.4.2-3.5 1.1-.8.7-1.2 1.7-1.2 2.6 0 1.5 1.2 3.1 3.3 3.1h.6c-.1.2-.2.4-.2.7 0 .6.3 1 .6 1.3-.9.1-2.5.2-3.8.9-1.2.7-1.5 1.7-1.5 2.4 0 1.5 1.4 2.8 4.2 2.8 3.4 0 5.2-1.9 5.2-3.7 0-1.3-.8-1.9-1.7-2.7zm-2.5-2.2c-1.7 0-2.5-2.2-2.5-3.5 0-.5.1-1 .4-1.5.3-.4.9-.7 1.4-.7 1.6 0 2.5 2.2 2.5 3.6 0 .4 0 1-.5 1.4-.3.4-.9.7-1.3.7zm0 7.9c-2.1 0-3.5-1-3.5-2.4s1.3-1.9 1.7-2c.8-.3 1.9-.3 2.1-.3h.5c1.5 1.1 2.1 1.6 2.1 2.6 0 1.2-1 2.1-2.9 2.1zM17 12h-2v-1h2v-1.9l1-.1v2h2v1h-2v2h-1z"
            />
          </svg>
          <svg
            fill="currentColor"
            height="1em"
            stroke="currentColor"
            stroke-width="0"
            viewBox="0 0 384 512"
            width="1em"
            xmlns="http://www.w3.org/2000/svg"
          >
            <path
              d="M384 254.7v52.1c-18.4 4.2-36.9 6.1-52.1 6.1-36.9 77.4-103 143.8-125.1 156.2-14 7.9-27.1 8.4-42.7-.8C137 452 34.2 367.7 0 102.7h74.5C93.2 261.8 139 343.4 189.3 404.5c27.9-27.9 54.8-65.1 75.6-106.9-49.8-25.3-80.1-80.9-80.1-145.6 0-65.6 37.7-115.1 102.2-115.1 114.9 0 106.2 127.9 81.6 181.5 0 0-46.4 9.2-63.5-20.5 3.4-11.3 8.2-30.8 8.2-48.5 0-31.3-11.3-46.6-28.4-46.6-18.2 0-30.8 17.1-30.8 50 .1 79.2 59.4 118.7 129.9 101.9z"
            />
          </svg>
          <svg
            fill="currentColor"
            height="1em"
            stroke="currentColor"
            stroke-width="0"
            viewBox="0 0 384 512"
            width="1em"
            xmlns="http://www.w3.org/2000/svg"
          >
            <path
              d="M204 6.5C101.4 6.5 0 74.9 0 185.6 0 256 39.6 296 63.6 296c9.9 0 15.6-27.6 15.6-35.4 0-9.3-23.7-29.1-23.7-67.8 0-80.4 61.2-137.4 140.4-137.4 68.1 0 118.5 38.7 118.5 109.8 0 53.1-21.3 152.7-90.3 152.7-24.9 0-46.2-18-46.2-43.8 0-37.8 26.4-74.4 26.4-113.4 0-66.2-93.9-54.2-93.9 25.8 0 16.8 2.1 35.4 9.6 50.7-13.8 59.4-42 147.9-42 209.1 0 18.9 2.7 37.5 4.5 56.4 3.4 3.8 1.7 3.4 6.9 1.5 50.4-69 48.6-82.5 71.4-172.8 12.3 23.4 44.1 36 69.3 36 106.2 0 153.9-103.5 153.9-196.8C384 71.3 298.2 6.5 204 6.5z"
            />
          </svg>
        </div>
        <small>
          Â©
          2023
           
          BOOK AN APPOINTMENT
        </small>
      </div>
    </div>
  </div>,
  "debug": [Function],
  "findAllByAltText": [Function],
  "findAllByDisplayValue": [Function],
  "findAllByLabelText": [Function],
  "findAllByPlaceholderText": [Function],
  "findAllByRole": [Function],
  "findAllByTestId": [Function],
  "findAllByText": [Function],
  "findAllByTitle": [Function],
  "findByAltText": [Function],
  "findByDisplayValue": [Function],
  "findByLabelText": [Function],
  "findByPlaceholderText": [Function],
  "findByRole": [Function],
  "findByTestId": [Function],
  "findByText": [Function],
  "findByTitle": [Function],
  "getAllByAltText": [Function],
  "getAllByDisplayValue": [Function],
  "getAllByLabelText": [Function],
  "getAllByPlaceholderText": [Function],
  "getAllByRole": [Function],
  "getAllByTestId": [Function],
  "getAllByText": [Function],
  "getAllByTitle": [Function],
  "getByAltText": [Function],
  "getByDisplayValue": [Function],
  "getByLabelText": [Function],
  "getByPlaceholderText": [Function],
  "getByRole": [Function],
  "getByTestId": [Function],
  "getByText": [Function],
  "getByTitle": [Function],
  "queryAllByAltText": [Function],
  "queryAllByDisplayValue": [Function],
  "queryAllByLabelText": [Function],
  "queryAllByPlaceholderText": [Function],
  "queryAllByRole": [Function],
  "queryAllByTestId": [Function],
  "queryAllByText": [Function],
  "queryAllByTitle": [Function],
  "queryByAltText": [Function],
  "queryByDisplayValue": [Function],
  "queryByLabelText": [Function],
  "queryByPlaceholderText": [Function],
  "queryByRole": [Function],
  "queryByTestId": [Function],
  "queryByText": [Function],
  "queryByTitle": [Function],
  "rerender": [Function],
  "unmount": [Function],
}
`;
